56s_d%&fAB 14-01-2024 1
56s_d%&fAB 23-05-2025 3
56s_d%&fAB 10-09-2005 6