56s_d%&fAB Max Walker 32|Highland Street|Melbourne|Victoria|Australia 15-11-1990
78AA@@BBCC Jane Smith 45|Main Avenue|Sydney|Victoria|Australia 01-01-1985
98ZZ##YYXX John Doe 12|Park Road|Brisbane|Victoria|Australia 31-12-2000