35s_d%&fAB Sam Donk 32|Changed Drive|Melbourne|Victoria|Australia 10-09-1999
65s_d%&fAB Bob John 48|Again Road|Melbourne|Victoria|Australia 10-09-1999
75s_d%&fAB Sharon Parm 62|OnceMore Drive|Melbourne|Victoria|Australia 10-09-1999